<?xml version="1.0" encoding="ISO-8859-1" ?>
<link_info>
   <banner>TI ARM Linker PC v18.1.1.LTS</banner>
   <copyright>Copyright (c) 1996-2017 Texas Instruments Incorporated</copyright>
   <link_time>0x5c107c9d</link_time>
   <link_errors>0x0</link_errors>
   <output_file>auto_balance.out</output_file>
   <entry_point>
      <name>_c_int00_noargs</name>
      <address>0x1ba9</address>
   </entry_point>
   <input_file_list>
      <input_file id="fl-2">
         <path>.\</path>
         <kind>object</kind>
         <file>PID.obj</file>
         <name>PID.obj</name>
      </input_file>
      <input_file id="fl-3">
         <path>.\</path>
         <kind>object</kind>
         <file>filter.obj</file>
         <name>filter.obj</name>
      </input_file>
      <input_file id="fl-4">
         <path>.\</path>
         <kind>object</kind>
         <file>main.obj</file>
         <name>main.obj</name>
      </input_file>
      <input_file id="fl-5">
         <path>.\</path>
         <kind>object</kind>
         <file>main_prog.obj</file>
         <name>main_prog.obj</name>
      </input_file>
      <input_file id="fl-6">
         <path>.\</path>
         <kind>object</kind>
         <file>motor.obj</file>
         <name>motor.obj</name>
      </input_file>
      <input_file id="fl-7">
         <path>.\</path>
         <kind>object</kind>
         <file>mpu_6050.obj</file>
         <name>mpu_6050.obj</name>
      </input_file>
      <input_file id="fl-8">
         <path>.\</path>
         <kind>object</kind>
         <file>protocol.obj</file>
         <name>protocol.obj</name>
      </input_file>
      <input_file id="fl-9">
         <path>.\</path>
         <kind>object</kind>
         <file>system_msp432p401r.obj</file>
         <name>system_msp432p401r.obj</name>
      </input_file>
      <input_file id="fl-a">
         <path>.\</path>
         <kind>object</kind>
         <file>uart.obj</file>
         <name>uart.obj</name>
      </input_file>
      <input_file id="fl-b">
         <path>.\ccs\</path>
         <kind>object</kind>
         <file>startup_msp432p401r_ccs.obj</file>
         <name>startup_msp432p401r_ccs.obj</name>
      </input_file>
      <input_file id="fl-12">
         <kind>object</kind>
         <file>&lt;internal&gt;</file>
         <name>&lt;internal&gt;</name>
      </input_file>
      <input_file id="fl-13">
         <path>C:\ti\simplelink_msp432p4_sdk_2_20_00_12\source\ti\devices\msp432p4xx\driverlib\ccs\</path>
         <kind>archive</kind>
         <file>msp432p4xx_driverlib.lib</file>
         <name>cs.o</name>
      </input_file>
      <input_file id="fl-14">
         <path>C:\ti\simplelink_msp432p4_sdk_2_20_00_12\source\ti\devices\msp432p4xx\driverlib\ccs\</path>
         <kind>archive</kind>
         <file>msp432p4xx_driverlib.lib</file>
         <name>gpio.o</name>
      </input_file>
      <input_file id="fl-15">
         <path>C:\ti\simplelink_msp432p4_sdk_2_20_00_12\source\ti\devices\msp432p4xx\driverlib\ccs\</path>
         <kind>archive</kind>
         <file>msp432p4xx_driverlib.lib</file>
         <name>i2c.o</name>
      </input_file>
      <input_file id="fl-16">
         <path>C:\ti\simplelink_msp432p4_sdk_2_20_00_12\source\ti\devices\msp432p4xx\driverlib\ccs\</path>
         <kind>archive</kind>
         <file>msp432p4xx_driverlib.lib</file>
         <name>interrupt.o</name>
      </input_file>
      <input_file id="fl-17">
         <path>C:\ti\simplelink_msp432p4_sdk_2_20_00_12\source\ti\devices\msp432p4xx\driverlib\ccs\</path>
         <kind>archive</kind>
         <file>msp432p4xx_driverlib.lib</file>
         <name>sysctl_a.o</name>
      </input_file>
      <input_file id="fl-18">
         <path>C:\ti\simplelink_msp432p4_sdk_2_20_00_12\source\ti\devices\msp432p4xx\driverlib\ccs\</path>
         <kind>archive</kind>
         <file>msp432p4xx_driverlib.lib</file>
         <name>cpu.o</name>
      </input_file>
      <input_file id="fl-ce">
         <path>C:\ti\ccsv8\tools\compiler\ti-cgt-arm_18.1.1.LTS\lib\</path>
         <kind>archive</kind>
         <file>rtsv7M4_T_le_v4SPD16_eabi.lib</file>
         <name>e_atan2f.c.obj</name>
      </input_file>
      <input_file id="fl-cf">
         <path>C:\ti\ccsv8\tools\compiler\ti-cgt-arm_18.1.1.LTS\lib\</path>
         <kind>archive</kind>
         <file>rtsv7M4_T_le_v4SPD16_eabi.lib</file>
         <name>s_atanf.c.obj</name>
      </input_file>
      <input_file id="fl-d0">
         <path>C:\ti\ccsv8\tools\compiler\ti-cgt-arm_18.1.1.LTS\lib\</path>
         <kind>archive</kind>
         <file>rtsv7M4_T_le_v4SPD16_eabi.lib</file>
         <name>u_divt2.asm.obj</name>
      </input_file>
      <input_file id="fl-d1">
         <path>C:\ti\ccsv8\tools\compiler\ti-cgt-arm_18.1.1.LTS\lib\</path>
         <kind>archive</kind>
         <file>rtsv7M4_T_le_v4SPD16_eabi.lib</file>
         <name>fd_add_t2.asm.obj</name>
      </input_file>
      <input_file id="fl-d2">
         <path>C:\ti\ccsv8\tools\compiler\ti-cgt-arm_18.1.1.LTS\lib\</path>
         <kind>archive</kind>
         <file>rtsv7M4_T_le_v4SPD16_eabi.lib</file>
         <name>fd_mul_t2.asm.obj</name>
      </input_file>
      <input_file id="fl-d3">
         <path>C:\ti\ccsv8\tools\compiler\ti-cgt-arm_18.1.1.LTS\lib\</path>
         <kind>archive</kind>
         <file>rtsv7M4_T_le_v4SPD16_eabi.lib</file>
         <name>fd_tos_t2.asm.obj</name>
      </input_file>
      <input_file id="fl-d4">
         <path>C:\ti\ccsv8\tools\compiler\ti-cgt-arm_18.1.1.LTS\lib\</path>
         <kind>archive</kind>
         <file>rtsv7M4_T_le_v4SPD16_eabi.lib</file>
         <name>fs_tod_t2.asm.obj</name>
      </input_file>
      <input_file id="fl-d5">
         <path>C:\ti\ccsv8\tools\compiler\ti-cgt-arm_18.1.1.LTS\lib\</path>
         <kind>archive</kind>
         <file>rtsv7M4_T_le_v4SPD16_eabi.lib</file>
         <name>memcpy_t2.asm.obj</name>
      </input_file>
      <input_file id="fl-d6">
         <path>C:\ti\ccsv8\tools\compiler\ti-cgt-arm_18.1.1.LTS\lib\</path>
         <kind>archive</kind>
         <file>rtsv7M4_T_le_v4SPD16_eabi.lib</file>
         <name>memset_t2.asm.obj</name>
      </input_file>
      <input_file id="fl-d7">
         <path>C:\ti\ccsv8\tools\compiler\ti-cgt-arm_18.1.1.LTS\lib\</path>
         <kind>archive</kind>
         <file>rtsv7M4_T_le_v4SPD16_eabi.lib</file>
         <name>copy_zero_init.c.obj</name>
      </input_file>
      <input_file id="fl-d8">
         <path>C:\ti\ccsv8\tools\compiler\ti-cgt-arm_18.1.1.LTS\lib\</path>
         <kind>archive</kind>
         <file>rtsv7M4_T_le_v4SPD16_eabi.lib</file>
         <name>copy_decompress_none.c.obj</name>
      </input_file>
      <input_file id="fl-d9">
         <path>C:\ti\ccsv8\tools\compiler\ti-cgt-arm_18.1.1.LTS\lib\</path>
         <kind>archive</kind>
         <file>rtsv7M4_T_le_v4SPD16_eabi.lib</file>
         <name>copy_decompress_lzss.c.obj</name>
      </input_file>
      <input_file id="fl-da">
         <path>C:\ti\ccsv8\tools\compiler\ti-cgt-arm_18.1.1.LTS\lib\</path>
         <kind>archive</kind>
         <file>rtsv7M4_T_le_v4SPD16_eabi.lib</file>
         <name>boot_cortex_m.c.obj</name>
      </input_file>
      <input_file id="fl-db">
         <path>C:\ti\ccsv8\tools\compiler\ti-cgt-arm_18.1.1.LTS\lib\</path>
         <kind>archive</kind>
         <file>rtsv7M4_T_le_v4SPD16_eabi.lib</file>
         <name>exit.c.obj</name>
      </input_file>
      <input_file id="fl-dc">
         <path>C:\ti\ccsv8\tools\compiler\ti-cgt-arm_18.1.1.LTS\lib\</path>
         <kind>archive</kind>
         <file>rtsv7M4_T_le_v4SPD16_eabi.lib</file>
         <name>_lock.c.obj</name>
      </input_file>
      <input_file id="fl-dd">
         <path>C:\ti\ccsv8\tools\compiler\ti-cgt-arm_18.1.1.LTS\lib\</path>
         <kind>archive</kind>
         <file>rtsv7M4_T_le_v4SPD16_eabi.lib</file>
         <name>args_main.c.obj</name>
      </input_file>
      <input_file id="fl-de">
         <path>C:\ti\ccsv8\tools\compiler\ti-cgt-arm_18.1.1.LTS\lib\</path>
         <kind>archive</kind>
         <file>rtsv7M4_T_le_v4SPD16_eabi.lib</file>
         <name>div0.asm.obj</name>
      </input_file>
      <input_file id="fl-df">
         <path>C:\ti\ccsv8\tools\compiler\ti-cgt-arm_18.1.1.LTS\lib\</path>
         <kind>archive</kind>
         <file>rtsv7M4_T_le_v4SPD16_eabi.lib</file>
         <name>autoinit.c.obj</name>
      </input_file>
      <input_file id="fl-e0">
         <path>C:\ti\ccsv8\tools\compiler\ti-cgt-arm_18.1.1.LTS\lib\</path>
         <kind>archive</kind>
         <file>rtsv7M4_T_le_v4SPD16_eabi.lib</file>
         <name>pre_init.c.obj</name>
      </input_file>
      <input_file id="fl-e1">
         <path>C:\ti\ccsv8\tools\compiler\ti-cgt-arm_18.1.1.LTS\lib\</path>
         <kind>archive</kind>
         <file>rtsv7M4_T_le_v4SPD16_eabi.lib</file>
         <name>cpy_tbl.c.obj</name>
      </input_file>
   </input_file_list>
   <object_component_list>
      <object_component id="oc-23">
         <name>.intvecs:retain</name>
         <load_address>0x0</load_address>
         <run_address>0x0</run_address>
         <size>0xe4</size>
         <input_file_ref idref="fl-b"/>
      </object_component>
      <object_component id="oc-152">
         <name>.text:loop</name>
         <load_address>0xe4</load_address>
         <run_address>0xe4</run_address>
         <size>0x2f4</size>
         <input_file_ref idref="fl-5"/>
      </object_component>
      <object_component id="oc-223">
         <name>.text:Kalman_Filter</name>
         <load_address>0x3d8</load_address>
         <run_address>0x3d8</run_address>
         <size>0x28c</size>
         <input_file_ref idref="fl-3"/>
      </object_component>
      <object_component id="oc-211">
         <name>.text:request_mpu_data</name>
         <load_address>0x664</load_address>
         <run_address>0x664</run_address>
         <size>0x220</size>
         <input_file_ref idref="fl-7"/>
      </object_component>
      <object_component id="oc-1e0">
         <name>.text:setup_pwm</name>
         <load_address>0x884</load_address>
         <run_address>0x884</run_address>
         <size>0x1c4</size>
         <input_file_ref idref="fl-6"/>
      </object_component>
      <object_component id="oc-325">
         <name>.text</name>
         <load_address>0xa48</load_address>
         <run_address>0xa48</run_address>
         <size>0x1b6</size>
         <input_file_ref idref="fl-d1"/>
      </object_component>
      <object_component id="oc-6a">
         <name>.text:Default_Handler</name>
         <load_address>0xbfe</load_address>
         <run_address>0xbfe</run_address>
         <size>0x2</size>
         <input_file_ref idref="fl-b"/>
      </object_component>
      <object_component id="oc-217">
         <name>.text:atan2f</name>
         <load_address>0xc00</load_address>
         <run_address>0xc00</run_address>
         <size>0x158</size>
         <input_file_ref idref="fl-ce"/>
      </object_component>
      <object_component id="oc-2ef">
         <name>.text:atanf</name>
         <load_address>0xd58</load_address>
         <run_address>0xd58</run_address>
         <size>0x150</size>
         <input_file_ref idref="fl-cf"/>
      </object_component>
      <object_component id="oc-22f">
         <name>.text:velocity</name>
         <load_address>0xea8</load_address>
         <run_address>0xea8</run_address>
         <size>0x12c</size>
         <input_file_ref idref="fl-2"/>
      </object_component>
      <object_component id="oc-31b">
         <name>.text</name>
         <load_address>0xfd4</load_address>
         <run_address>0xfd4</run_address>
         <size>0xfc</size>
         <input_file_ref idref="fl-d2"/>
      </object_component>
      <object_component id="oc-20b">
         <name>.text:itoa</name>
         <load_address>0x10d0</load_address>
         <run_address>0x10d0</run_address>
         <size>0xd8</size>
         <input_file_ref idref="fl-a"/>
      </object_component>
      <object_component id="oc-76">
         <name>.text:EUSCIA2_IRQHandler</name>
         <load_address>0x11a8</load_address>
         <run_address>0x11a8</run_address>
         <size>0xd4</size>
         <input_file_ref idref="fl-a"/>
      </object_component>
      <object_component id="oc-7c">
         <name>.text:EUSCIB0_IRQHandler</name>
         <load_address>0x127c</load_address>
         <run_address>0x127c</run_address>
         <size>0xc4</size>
         <input_file_ref idref="fl-7"/>
      </object_component>
      <object_component id="oc-1d4">
         <name>.text:setup_uart</name>
         <load_address>0x1340</load_address>
         <run_address>0x1340</run_address>
         <size>0xb0</size>
         <input_file_ref idref="fl-a"/>
      </object_component>
      <object_component id="oc-34">
         <name>.text</name>
         <load_address>0x13f0</load_address>
         <run_address>0x13f0</run_address>
         <size>0x9c</size>
         <input_file_ref idref="fl-d5"/>
      </object_component>
      <object_component id="oc-2a3">
         <name>.text:GPIO_setAsPeripheralModuleFunctionInputPin</name>
         <load_address>0x148c</load_address>
         <run_address>0x148c</run_address>
         <size>0x88</size>
         <input_file_ref idref="fl-14"/>
      </object_component>
      <object_component id="oc-b4">
         <name>.text</name>
         <load_address>0x1514</load_address>
         <run_address>0x1514</run_address>
         <size>0x7a</size>
         <input_file_ref idref="fl-d6"/>
      </object_component>
      <object_component id="oc-38d">
         <name>.text</name>
         <load_address>0x158e</load_address>
         <run_address>0x158e</run_address>
         <size>0x2</size>
         <input_file_ref idref="fl-de"/>
      </object_component>
      <object_component id="oc-d2">
         <name>.text:SystemInit</name>
         <load_address>0x1590</load_address>
         <run_address>0x1590</run_address>
         <size>0x78</size>
         <input_file_ref idref="fl-9"/>
      </object_component>
      <object_component id="oc-1f2">
         <name>.text:setup_i2c</name>
         <load_address>0x1608</load_address>
         <run_address>0x1608</run_address>
         <size>0x74</size>
         <input_file_ref idref="fl-7"/>
      </object_component>
      <object_component id="oc-320">
         <name>.text</name>
         <load_address>0x167c</load_address>
         <run_address>0x167c</run_address>
         <size>0x6e</size>
         <input_file_ref idref="fl-d3"/>
      </object_component>
      <object_component id="oc-2cd">
         <name>.text:I2C_masterSendMultiByteStart</name>
         <load_address>0x16ec</load_address>
         <run_address>0x16ec</run_address>
         <size>0x68</size>
         <input_file_ref idref="fl-15"/>
      </object_component>
      <object_component id="oc-14">
         <name>.text:decompress:lzss:__TI_decompress_lzss</name>
         <load_address>0x1754</load_address>
         <run_address>0x1754</run_address>
         <size>0x68</size>
         <input_file_ref idref="fl-d9"/>
      </object_component>
      <object_component id="oc-21d">
         <name>.text:Yijiehubulvbo</name>
         <load_address>0x17bc</load_address>
         <run_address>0x17bc</run_address>
         <size>0x5c</size>
         <input_file_ref idref="fl-3"/>
      </object_component>
      <object_component id="oc-229">
         <name>.text:balance</name>
         <load_address>0x1818</load_address>
         <run_address>0x1818</run_address>
         <size>0x58</size>
         <input_file_ref idref="fl-2"/>
      </object_component>
      <object_component id="oc-1da">
         <name>.text:send_string_pc</name>
         <load_address>0x1870</load_address>
         <run_address>0x1870</run_address>
         <size>0x50</size>
         <input_file_ref idref="fl-a"/>
      </object_component>
      <object_component id="oc-2b4">
         <name>.text:GPIO_setAsInputPin</name>
         <load_address>0x18c0</load_address>
         <run_address>0x18c0</run_address>
         <size>0x4c</size>
         <input_file_ref idref="fl-14"/>
      </object_component>
      <object_component id="oc-82">
         <name>.text:T32_INT1_IRQHandler</name>
         <load_address>0x190c</load_address>
         <run_address>0x190c</run_address>
         <size>0x4c</size>
         <input_file_ref idref="fl-6"/>
      </object_component>
      <object_component id="oc-1f8">
         <name>.text:setup_mpu_6050</name>
         <load_address>0x1958</load_address>
         <run_address>0x1958</run_address>
         <size>0x4c</size>
         <input_file_ref idref="fl-7"/>
      </object_component>
      <object_component id="oc-70">
         <name>.text:EUSCIA0_IRQHandler</name>
         <load_address>0x19a4</load_address>
         <run_address>0x19a4</run_address>
         <size>0x48</size>
         <input_file_ref idref="fl-a"/>
      </object_component>
      <object_component id="oc-165">
         <name>.text:__TI_auto_init_nobinit_nopinit:__TI_auto_init_nobinit_nopinit</name>
         <load_address>0x19ec</load_address>
         <run_address>0x19ec</run_address>
         <size>0x44</size>
         <input_file_ref idref="fl-df"/>
      </object_component>
      <object_component id="oc-29d">
         <name>.text:GPIO_setAsOutputPin</name>
         <load_address>0x1a30</load_address>
         <run_address>0x1a30</run_address>
         <size>0x40</size>
         <input_file_ref idref="fl-14"/>
      </object_component>
      <object_component id="oc-2d9">
         <name>.text</name>
         <load_address>0x1a70</load_address>
         <run_address>0x1a70</run_address>
         <size>0x40</size>
         <input_file_ref idref="fl-d0"/>
      </object_component>
      <object_component id="oc-235">
         <name>.text:turn</name>
         <load_address>0x1ab0</load_address>
         <run_address>0x1ab0</run_address>
         <size>0x40</size>
         <input_file_ref idref="fl-2"/>
      </object_component>
      <object_component id="oc-14c">
         <name>.text:setup</name>
         <load_address>0x1af0</load_address>
         <run_address>0x1af0</run_address>
         <size>0x3e</size>
         <input_file_ref idref="fl-5"/>
      </object_component>
      <object_component id="oc-1ff">
         <name>.text:get_motor_1_speed</name>
         <load_address>0x1b30</load_address>
         <run_address>0x1b30</run_address>
         <size>0x3c</size>
         <input_file_ref idref="fl-6"/>
      </object_component>
      <object_component id="oc-205">
         <name>.text:get_motor_2_speed</name>
         <load_address>0x1b6c</load_address>
         <run_address>0x1b6c</run_address>
         <size>0x3c</size>
         <input_file_ref idref="fl-6"/>
      </object_component>
      <object_component id="oc-52">
         <name>.text:_c_int00_noargs:_c_int00_noargs</name>
         <load_address>0x1ba8</load_address>
         <run_address>0x1ba8</run_address>
         <size>0x38</size>
         <input_file_ref idref="fl-da"/>
      </object_component>
      <object_component id="oc-316">
         <name>.text</name>
         <load_address>0x1be0</load_address>
         <run_address>0x1be0</run_address>
         <size>0x38</size>
         <input_file_ref idref="fl-d4"/>
      </object_component>
      <object_component id="oc-2a9">
         <name>.text:CS_setDCOCenteredFrequency</name>
         <load_address>0x1c18</load_address>
         <run_address>0x1c18</run_address>
         <size>0x34</size>
         <input_file_ref idref="fl-13"/>
      </object_component>
      <object_component id="oc-8e">
         <name>.text:PORT5_IRQHandler</name>
         <load_address>0x1c4c</load_address>
         <run_address>0x1c4c</run_address>
         <size>0x34</size>
         <input_file_ref idref="fl-6"/>
      </object_component>
      <object_component id="oc-94">
         <name>.text:PORT6_IRQHandler</name>
         <load_address>0x1c80</load_address>
         <run_address>0x1c80</run_address>
         <size>0x30</size>
         <input_file_ref idref="fl-6"/>
      </object_component>
      <object_component id="oc-33c">
         <name>.text:set_pwm_1_duty</name>
         <load_address>0x1cb0</load_address>
         <run_address>0x1cb0</run_address>
         <size>0x30</size>
         <input_file_ref idref="fl-6"/>
      </object_component>
      <object_component id="oc-342">
         <name>.text:set_pwm_2_duty</name>
         <load_address>0x1ce0</load_address>
         <run_address>0x1ce0</run_address>
         <size>0x30</size>
         <input_file_ref idref="fl-6"/>
      </object_component>
      <object_component id="oc-c0">
         <name>.text:main</name>
         <load_address>0x1d10</load_address>
         <run_address>0x1d10</run_address>
         <size>0x2c</size>
         <input_file_ref idref="fl-4"/>
      </object_component>
      <object_component id="oc-1a8">
         <name>.text:GPIO_setOutputHighOnPin</name>
         <load_address>0x1d3c</load_address>
         <run_address>0x1d3c</run_address>
         <size>0x28</size>
         <input_file_ref idref="fl-14"/>
      </object_component>
      <object_component id="oc-1af">
         <name>.text:GPIO_setOutputLowOnPin</name>
         <load_address>0x1d64</load_address>
         <run_address>0x1d64</run_address>
         <size>0x28</size>
         <input_file_ref idref="fl-14"/>
      </object_component>
      <object_component id="oc-125">
         <name>.text:GPIO_toggleOutputOnPin</name>
         <load_address>0x1d8c</load_address>
         <run_address>0x1d8c</run_address>
         <size>0x28</size>
         <input_file_ref idref="fl-14"/>
      </object_component>
      <object_component id="oc-88">
         <name>.text:PORT1_IRQHandler</name>
         <load_address>0x1db4</load_address>
         <run_address>0x1db4</run_address>
         <size>0x28</size>
         <input_file_ref idref="fl-6"/>
      </object_component>
      <object_component id="oc-da">
         <name>.text:send_char_bt</name>
         <load_address>0x1ddc</load_address>
         <run_address>0x1ddc</run_address>
         <size>0x20</size>
         <input_file_ref idref="fl-a"/>
      </object_component>
      <object_component id="oc-eb">
         <name>.text:send_char_pc</name>
         <load_address>0x1dfc</load_address>
         <run_address>0x1dfc</run_address>
         <size>0x20</size>
         <input_file_ref idref="fl-a"/>
      </object_component>
      <object_component id="oc-23b">
         <name>.text:set_motor_1_direction</name>
         <load_address>0x1e1c</load_address>
         <run_address>0x1e1c</run_address>
         <size>0x18</size>
         <input_file_ref idref="fl-6"/>
      </object_component>
      <object_component id="oc-241">
         <name>.text:set_motor_2_direction</name>
         <load_address>0x1e34</load_address>
         <run_address>0x1e34</run_address>
         <size>0x18</size>
         <input_file_ref idref="fl-6"/>
      </object_component>
      <object_component id="oc-f1">
         <name>.text:set_speed</name>
         <load_address>0x1e4c</load_address>
         <run_address>0x1e4c</run_address>
         <size>0x18</size>
         <input_file_ref idref="fl-2"/>
      </object_component>
      <object_component id="oc-247">
         <name>.text:control_motor</name>
         <load_address>0x1e64</load_address>
         <run_address>0x1e64</run_address>
         <size>0x14</size>
         <input_file_ref idref="fl-a"/>
      </object_component>
      <object_component id="oc-32d">
         <name>.text:set_motor_1_backward</name>
         <load_address>0x1e78</load_address>
         <run_address>0x1e78</run_address>
         <size>0x14</size>
         <input_file_ref idref="fl-6"/>
      </object_component>
      <object_component id="oc-1e6">
         <name>.text:set_motor_1_forward</name>
         <load_address>0x1e8c</load_address>
         <run_address>0x1e8c</run_address>
         <size>0x14</size>
         <input_file_ref idref="fl-6"/>
      </object_component>
      <object_component id="oc-334">
         <name>.text:set_motor_2_backward</name>
         <load_address>0x1ea0</load_address>
         <run_address>0x1ea0</run_address>
         <size>0x14</size>
         <input_file_ref idref="fl-6"/>
      </object_component>
      <object_component id="oc-1ec">
         <name>.text:set_motor_2_forward</name>
         <load_address>0x1eb4</load_address>
         <run_address>0x1eb4</run_address>
         <size>0x14</size>
         <input_file_ref idref="fl-6"/>
      </object_component>
      <object_component id="oc-24d">
         <name>.text:set_pwm_duty</name>
         <load_address>0x1ec8</load_address>
         <run_address>0x1ec8</run_address>
         <size>0x14</size>
         <input_file_ref idref="fl-6"/>
      </object_component>
      <object_component id="oc-40">
         <name>.text:decompress:ZI:__TI_zero_init_nomemset:__TI_zero_init_nomemset</name>
         <load_address>0x1edc</load_address>
         <run_address>0x1edc</run_address>
         <size>0x12</size>
         <input_file_ref idref="fl-d7"/>
      </object_component>
      <object_component id="oc-f7">
         <name>.text:start_left_turn</name>
         <load_address>0x1ef0</load_address>
         <run_address>0x1ef0</run_address>
         <size>0x10</size>
         <input_file_ref idref="fl-2"/>
      </object_component>
      <object_component id="oc-fd">
         <name>.text:start_right_turn</name>
         <load_address>0x1f00</load_address>
         <run_address>0x1f00</run_address>
         <size>0x10</size>
         <input_file_ref idref="fl-2"/>
      </object_component>
      <object_component id="oc-103">
         <name>.text:stop_turn</name>
         <load_address>0x1f10</load_address>
         <run_address>0x1f10</run_address>
         <size>0x10</size>
         <input_file_ref idref="fl-2"/>
      </object_component>
      <object_component id="oc-1a">
         <name>.text:decompress:none:__TI_decompress_none</name>
         <load_address>0x1f20</load_address>
         <run_address>0x1f20</run_address>
         <size>0xe</size>
         <input_file_ref idref="fl-d8"/>
      </object_component>
      <object_component id="oc-64">
         <name>.text:Reset_Handler</name>
         <load_address>0x1f2e</load_address>
         <run_address>0x1f2e</run_address>
         <size>0xc</size>
         <input_file_ref idref="fl-b"/>
      </object_component>
      <object_component id="oc-109">
         <name>.text:start_motor</name>
         <load_address>0x1f3a</load_address>
         <run_address>0x1f3a</run_address>
         <size>0xc</size>
         <input_file_ref idref="fl-6"/>
      </object_component>
      <object_component id="oc-10f">
         <name>.text:stop_motor</name>
         <load_address>0x1f46</load_address>
         <run_address>0x1f46</run_address>
         <size>0xc</size>
         <input_file_ref idref="fl-6"/>
      </object_component>
      <object_component id="oc-ba">
         <name>.text:_system_pre_init</name>
         <load_address>0x1f52</load_address>
         <run_address>0x1f52</run_address>
         <size>0x4</size>
         <input_file_ref idref="fl-e0"/>
      </object_component>
      <object_component id="oc-159">
         <name>.text:abort:abort</name>
         <load_address>0x1f56</load_address>
         <run_address>0x1f56</run_address>
         <size>0x4</size>
         <input_file_ref idref="fl-db"/>
      </object_component>
      <object_component id="oc-39d">
         <name>.const:$O1$$</name>
         <load_address>0x1f5c</load_address>
         <run_address>0x1f5c</run_address>
         <size>0x34</size>
         <input_file_ref idref="fl-cf"/>
      </object_component>
      <object_component id="oc-1be">
         <name>.const:GPIO_PORT_TO_BASE</name>
         <load_address>0x1f90</load_address>
         <run_address>0x1f90</run_address>
         <size>0x30</size>
         <input_file_ref idref="fl-14"/>
      </object_component>
      <object_component id="oc-2af">
         <name>.const:uartConfig</name>
         <load_address>0x1fc0</load_address>
         <run_address>0x1fc0</run_address>
         <size>0x24</size>
         <input_file_ref idref="fl-a"/>
      </object_component>
      <object_component id="oc-2bd">
         <name>.const:upDownConfig</name>
         <load_address>0x1fe4</load_address>
         <run_address>0x1fe4</run_address>
         <size>0x18</size>
         <input_file_ref idref="fl-6"/>
      </object_component>
      <object_component id="oc-2c9">
         <name>.const:i2cConfig</name>
         <load_address>0x1ffc</load_address>
         <run_address>0x1ffc</run_address>
         <size>0x14</size>
         <input_file_ref idref="fl-7"/>
      </object_component>
      <object_component id="oc-2de">
         <name>.const:.string:$P$T0$1</name>
         <load_address>0x2010</load_address>
         <run_address>0x2010</run_address>
         <size>0x11</size>
         <input_file_ref idref="fl-a"/>
      </object_component>
      <object_component id="oc-2e5">
         <name>.const:ACC_RATIO</name>
         <load_address>0x2024</load_address>
         <run_address>0x2024</run_address>
         <size>0x10</size>
         <input_file_ref idref="fl-7"/>
      </object_component>
      <object_component id="oc-2eb">
         <name>.const:GYR_RATIO</name>
         <load_address>0x2034</load_address>
         <run_address>0x2034</run_address>
         <size>0x10</size>
         <input_file_ref idref="fl-7"/>
      </object_component>
      <object_component id="oc-2ba">
         <name>.const:.string:$P$T0$1</name>
         <load_address>0x2044</load_address>
         <run_address>0x2044</run_address>
         <size>0x8</size>
         <input_file_ref idref="fl-6"/>
      </object_component>
      <object_component id="oc-2e2">
         <name>.const:.string:RegData</name>
         <load_address>0x204c</load_address>
         <run_address>0x204c</run_address>
         <size>0x7</size>
         <input_file_ref idref="fl-7"/>
      </object_component>
      <object_component id="oc-405">
         <name>.cinit..data.load</name>
         <load_address>0x2058</load_address>
         <run_address>0x2058</run_address>
         <size>0x54</size>
      </object_component>
      <object_component id="oc-403">
         <name>__TI_handler_table</name>
         <load_address>0x20ac</load_address>
         <run_address>0x20ac</run_address>
         <size>0xc</size>
      </object_component>
      <object_component id="oc-406">
         <name>.cinit..bss.load</name>
         <load_address>0x20b8</load_address>
         <run_address>0x20b8</run_address>
         <size>0x8</size>
      </object_component>
      <object_component id="oc-404">
         <name>__TI_cinit_table</name>
         <load_address>0x20c0</load_address>
         <run_address>0x20c0</run_address>
         <size>0x10</size>
      </object_component>
      <object_component id="oc-3d8">
         <name>.binit</name>
         <load_address>0x0</load_address>
         <run_address>0x0</run_address>
         <size>0x0</size>
      </object_component>
      <object_component id="oc-1a1">
         <name>.data</name>
         <load_address>0x20000090</load_address>
         <run_address>0x20000090</run_address>
         <size>0x1c</size>
         <input_file_ref idref="fl-2"/>
      </object_component>
      <object_component id="oc-2ff">
         <name>.data</name>
         <load_address>0x200000ac</load_address>
         <run_address>0x200000ac</run_address>
         <size>0x18</size>
         <input_file_ref idref="fl-3"/>
      </object_component>
      <object_component id="oc-309">
         <name>.data:P</name>
         <load_address>0x200000c4</load_address>
         <run_address>0x200000c4</run_address>
         <size>0x10</size>
         <input_file_ref idref="fl-3"/>
      </object_component>
      <object_component id="oc-306">
         <name>.data:Pdot</name>
         <load_address>0x200000d4</load_address>
         <run_address>0x200000d4</run_address>
         <size>0x10</size>
         <input_file_ref idref="fl-3"/>
      </object_component>
      <object_component id="oc-258">
         <name>.data</name>
         <load_address>0x20000104</load_address>
         <run_address>0x20000104</run_address>
         <size>0x8</size>
         <input_file_ref idref="fl-5"/>
      </object_component>
      <object_component id="oc-2d4">
         <name>.data</name>
         <load_address>0x20000110</load_address>
         <run_address>0x20000110</run_address>
         <size>0x2</size>
         <input_file_ref idref="fl-6"/>
      </object_component>
      <object_component id="oc-2c0">
         <name>.data:compareConfig_PWM1</name>
         <load_address>0x200000e4</load_address>
         <run_address>0x200000e4</run_address>
         <size>0x10</size>
         <input_file_ref idref="fl-6"/>
      </object_component>
      <object_component id="oc-2c3">
         <name>.data:compareConfig_PWM2</name>
         <load_address>0x200000f4</load_address>
         <run_address>0x200000f4</run_address>
         <size>0x10</size>
         <input_file_ref idref="fl-6"/>
      </object_component>
      <object_component id="oc-2e8">
         <name>.data</name>
         <load_address>0x20000112</load_address>
         <run_address>0x20000112</run_address>
         <size>0x2</size>
         <input_file_ref idref="fl-7"/>
      </object_component>
      <object_component id="oc-115">
         <name>.data</name>
         <load_address>0x2000010c</load_address>
         <run_address>0x2000010c</run_address>
         <size>0x4</size>
         <input_file_ref idref="fl-a"/>
      </object_component>
      <object_component id="oc-32a">
         <name>.bss</name>
         <uninitialized>true</uninitialized>
         <run_address>0x2000001c</run_address>
         <size>0x10</size>
         <input_file_ref idref="fl-2"/>
      </object_component>
      <object_component id="oc-253">
         <name>.bss:value_a$1</name>
         <uninitialized>true</uninitialized>
         <run_address>0x2000002c</run_address>
         <size>0xc</size>
         <input_file_ref idref="fl-5"/>
      </object_component>
      <object_component id="oc-254">
         <name>.bss:value_b$2</name>
         <uninitialized>true</uninitialized>
         <run_address>0x20000038</run_address>
         <size>0xc</size>
         <input_file_ref idref="fl-5"/>
      </object_component>
      <object_component id="oc-11c">
         <name>.bss:RXData</name>
         <uninitialized>true</uninitialized>
         <run_address>0x20000049</run_address>
         <size>0x4</size>
         <input_file_ref idref="fl-7"/>
      </object_component>
      <object_component id="oc-119">
         <name>.bss</name>
         <uninitialized>true</uninitialized>
         <run_address>0x20000044</run_address>
         <size>0x5</size>
         <input_file_ref idref="fl-7"/>
      </object_component>
      <object_component id="oc-2fc">
         <name>.common:angle1</name>
         <uninitialized>true</uninitialized>
         <run_address>0x20000068</run_address>
         <size>0x4</size>
      </object_component>
      <object_component id="oc-303">
         <name>.common:angle</name>
         <uninitialized>true</uninitialized>
         <run_address>0x20000064</run_address>
         <size>0x4</size>
      </object_component>
      <object_component id="oc-313">
         <name>.common:angle_dot</name>
         <uninitialized>true</uninitialized>
         <run_address>0x2000006c</run_address>
         <size>0x4</size>
      </object_component>
      <object_component id="oc-304">
         <name>.common:q_bias</name>
         <uninitialized>true</uninitialized>
         <run_address>0x20000084</run_address>
         <size>0x4</size>
      </object_component>
      <object_component id="oc-305">
         <name>.common:angle_err</name>
         <uninitialized>true</uninitialized>
         <run_address>0x20000070</run_address>
         <size>0x4</size>
      </object_component>
      <object_component id="oc-30c">
         <name>.common:PCt_0</name>
         <uninitialized>true</uninitialized>
         <run_address>0x2000005c</run_address>
         <size>0x4</size>
      </object_component>
      <object_component id="oc-30d">
         <name>.common:PCt_1</name>
         <uninitialized>true</uninitialized>
         <run_address>0x20000060</run_address>
         <size>0x4</size>
      </object_component>
      <object_component id="oc-30e">
         <name>.common:E</name>
         <uninitialized>true</uninitialized>
         <run_address>0x20000050</run_address>
         <size>0x4</size>
      </object_component>
      <object_component id="oc-30f">
         <name>.common:K_0</name>
         <uninitialized>true</uninitialized>
         <run_address>0x20000054</run_address>
         <size>0x4</size>
      </object_component>
      <object_component id="oc-310">
         <name>.common:K_1</name>
         <uninitialized>true</uninitialized>
         <run_address>0x20000058</run_address>
         <size>0x4</size>
      </object_component>
      <object_component id="oc-311">
         <name>.common:t_0</name>
         <uninitialized>true</uninitialized>
         <run_address>0x20000088</run_address>
         <size>0x4</size>
      </object_component>
      <object_component id="oc-312">
         <name>.common:t_1</name>
         <uninitialized>true</uninitialized>
         <run_address>0x2000008c</run_address>
         <size>0x4</size>
      </object_component>
      <object_component id="oc-255">
         <name>.common:mpu_data</name>
         <uninitialized>true</uninitialized>
         <run_address>0x20000000</run_address>
         <size>0x1c</size>
      </object_component>
      <object_component id="oc-12e">
         <name>.common:encoder_count_1</name>
         <uninitialized>true</uninitialized>
         <run_address>0x20000074</run_address>
         <size>0x4</size>
      </object_component>
      <object_component id="oc-130">
         <name>.common:encoder_count_2</name>
         <uninitialized>true</uninitialized>
         <run_address>0x20000078</run_address>
         <size>0x4</size>
      </object_component>
      <object_component id="oc-12b">
         <name>.common:motor_1_speed</name>
         <uninitialized>true</uninitialized>
         <run_address>0x2000007c</run_address>
         <size>0x4</size>
      </object_component>
      <object_component id="oc-12f">
         <name>.common:motor_2_speed</name>
         <uninitialized>true</uninitialized>
         <run_address>0x20000080</run_address>
         <size>0x4</size>
      </object_component>
      <object_component id="oc-26">
         <name>.stack</name>
         <uninitialized>true</uninitialized>
         <run_address>0x2000fe00</run_address>
         <size>0x4</size>
         <input_file_ref idref="fl-da"/>
      </object_component>
      <object_component id="oc-407">
         <name>.stack</name>
         <uninitialized>true</uninitialized>
         <run_address>0x2000fe00</run_address>
         <size>0x0</size>
      </object_component>
      <object_component id="oc-1d3">
         <name>.debug_info</name>
         <load_address>0x0</load_address>
         <run_address>0x0</run_address>
         <size>0x571</size>
         <input_file_ref idref="fl-2"/>
      </object_component>
      <object_component id="oc-1a2">
         <name>.debug_info</name>
         <load_address>0x571</load_address>
         <run_address>0x571</run_address>
         <size>0x1bc</size>
         <input_file_ref idref="fl-2"/>
      </object_component>
      <object_component id="oc-f3">
         <name>.debug_info</name>
         <load_address>0x72d</load_address>
         <run_address>0x72d</run_address>
         <size>0x114</size>
         <input_file_ref idref="fl-2"/>
      </object_component>
      <object_component id="oc-f8">
         <name>.debug_info</name>
         <load_address>0x841</load_address>
         <run_address>0x841</run_address>
         <size>0x108</size>
         <input_file_ref idref="fl-2"/>
      </object_component>
      <object_component id="oc-fe">
         <name>.debug_info</name>
         <load_address>0x949</load_address>
         <run_address>0x949</run_address>
         <size>0x10a</size>
         <input_file_ref idref="fl-2"/>
      </object_component>
      <object_component id="oc-104">
         <name>.debug_info</name>
         <load_address>0xa53</load_address>
         <run_address>0xa53</run_address>
         <size>0xfc</size>
         <input_file_ref idref="fl-2"/>
      </object_component>
      <object_component id="oc-22a">
         <name>.debug_info</name>
         <load_address>0xb4f</load_address>
         <run_address>0xb4f</run_address>
         <size>0x172</size>
         <input_file_ref idref="fl-2"/>
      </object_component>
      <object_component id="oc-230">
         <name>.debug_info</name>
         <load_address>0xcc1</load_address>
         <run_address>0xcc1</run_address>
         <size>0x2af</size>
         <input_file_ref idref="fl-2"/>
      </object_component>
      <object_component id="oc-236">
         <name>.debug_info</name>
         <load_address>0xf70</load_address>
         <run_address>0xf70</run_address>
         <size>0x13e</size>
         <input_file_ref idref="fl-2"/>
      </object_component>
      <object_component id="oc-137">
         <name>.debug_info</name>
         <load_address>0x10ae</load_address>
         <run_address>0x10ae</run_address>
         <size>0x26b</size>
         <input_file_ref idref="fl-2"/>
      </object_component>
      <object_component id="oc-1c9">
         <name>.debug_info</name>
         <load_address>0x1319</load_address>
         <run_address>0x1319</run_address>
         <size>0x1055</size>
         <input_file_ref idref="fl-2"/>
      </object_component>
      <object_component id="oc-28e">
         <name>.debug_info</name>
         <load_address>0x236e</load_address>
         <run_address>0x236e</run_address>
         <size>0x37e2</size>
         <input_file_ref idref="fl-2"/>
      </object_component>
      <object_component id="oc-289">
         <name>.debug_info</name>
         <load_address>0x5b50</load_address>
         <run_address>0x5b50</run_address>
         <size>0x9a</size>
         <input_file_ref idref="fl-2"/>
      </object_component>
      <object_component id="oc-1ce">
         <name>.debug_info</name>
         <load_address>0x5bea</load_address>
         <run_address>0x5bea</run_address>
         <size>0x341</size>
         <input_file_ref idref="fl-2"/>
      </object_component>
      <object_component id="oc-2f">
         <name>.debug_info</name>
         <load_address>0x5f2b</load_address>
         <run_address>0x5f2b</run_address>
         <size>0x84</size>
         <input_file_ref idref="fl-2"/>
      </object_component>
      <object_component id="oc-19b">
         <name>.debug_info</name>
         <load_address>0x5faf</load_address>
         <run_address>0x5faf</run_address>
         <size>0x297</size>
         <input_file_ref idref="fl-2"/>
      </object_component>
      <object_component id="oc-120">
         <name>.debug_info</name>
         <load_address>0x6246</load_address>
         <run_address>0x6246</run_address>
         <size>0xef</size>
         <input_file_ref idref="fl-2"/>
      </object_component>
      <object_component id="oc-e1">
         <name>.debug_info</name>
         <load_address>0x6335</load_address>
         <run_address>0x6335</run_address>
         <size>0xbb</size>
         <input_file_ref idref="fl-2"/>
      </object_component>
      <object_component id="oc-143">
         <name>.debug_info</name>
         <load_address>0x63f0</load_address>
         <run_address>0x63f0</run_address>
         <size>0x2c</size>
         <input_file_ref idref="fl-2"/>
      </object_component>
      <object_component id="oc-27e">
         <name>.debug_info</name>
         <load_address>0x641c</load_address>
         <run_address>0x641c</run_address>
         <size>0xee</size>
         <input_file_ref idref="fl-2"/>
      </object_component>
      <object_component id="oc-2fd">
         <name>.debug_info</name>
         <load_address>0x650a</load_address>
         <run_address>0x650a</run_address>
         <size>0x416</size>
         <input_file_ref idref="fl-3"/>
      </object_component>
      <object_component id="oc-300">
         <name>.debug_info</name>
         <load_address>0x6920</load_address>
         <run_address>0x6920</run_address>
         <size>0x150</size>
         <input_file_ref idref="fl-3"/>
      </object_component>
      <object_component id="oc-30a">
         <name>.debug_info</name>
         <load_address>0x6a70</load_address>
         <run_address>0x6a70</run_address>
         <size>0xc7</size>
         <input_file_ref idref="fl-3"/>
      </object_component>
      <object_component id="oc-307">
         <name>.debug_info</name>
         <load_address>0x6b37</load_address>
         <run_address>0x6b37</run_address>
         <size>0xcd</size>
         <input_file_ref idref="fl-3"/>
      </object_component>
      <object_component id="oc-21e">
         <name>.debug_info</name>
         <load_address>0x6c04</load_address>
         <run_address>0x6c04</run_address>
         <size>0x189</size>
         <input_file_ref idref="fl-3"/>
      </object_component>
      <object_component id="oc-224">
         <name>.debug_info</name>
         <load_address>0x6d8d</load_address>
         <run_address>0x6d8d</run_address>
         <size>0x189</size>
         <input_file_ref idref="fl-3"/>
      </object_component>
      <object_component id="oc-c1">
         <name>.debug_info</name>
         <load_address>0x6f16</load_address>
         <run_address>0x6f16</run_address>
         <size>0x11f</size>
         <input_file_ref idref="fl-4"/>
      </object_component>
      <object_component id="oc-e6">
         <name>.debug_info</name>
         <load_address>0x7035</load_address>
         <run_address>0x7035</run_address>
         <size>0x8b</size>
         <input_file_ref idref="fl-4"/>
      </object_component>
      <object_component id="oc-256">
         <name>.debug_info</name>
         <load_address>0x70c0</load_address>
         <run_address>0x70c0</run_address>
         <size>0xa27</size>
         <input_file_ref idref="fl-5"/>
      </object_component>
      <object_component id="oc-259">
         <name>.debug_info</name>
         <load_address>0x7ae7</load_address>
         <run_address>0x7ae7</run_address>
         <size>0xdf</size>
         <input_file_ref idref="fl-5"/>
      </object_component>
      <object_component id="oc-14d">
         <name>.debug_info</name>
         <load_address>0x7bc6</load_address>
         <run_address>0x7bc6</run_address>
         <size>0x1bb</size>
         <input_file_ref idref="fl-5"/>
      </object_component>
      <object_component id="oc-153">
         <name>.debug_info</name>
         <load_address>0x7d81</load_address>
         <run_address>0x7d81</run_address>
         <size>0x38f</size>
         <input_file_ref idref="fl-5"/>
      </object_component>
      <object_component id="oc-293">
         <name>.debug_info</name>
         <load_address>0x8110</load_address>
         <run_address>0x8110</run_address>
         <size>0x144</size>
         <input_file_ref idref="fl-5"/>
      </object_component>
      <object_component id="oc-34b">
         <name>.debug_info</name>
         <load_address>0x8254</load_address>
         <run_address>0x8254</run_address>
         <size>0xcc</size>
         <input_file_ref idref="fl-5"/>
      </object_component>
      <object_component id="oc-12c">
         <name>.debug_info</name>
         <load_address>0x8320</load_address>
         <run_address>0x8320</run_address>
         <size>0x748</size>
         <input_file_ref idref="fl-6"/>
      </object_component>
      <object_component id="oc-2d5">
         <name>.debug_info</name>
         <load_address>0x8a68</load_address>
         <run_address>0x8a68</run_address>
         <size>0x119</size>
         <input_file_ref idref="fl-6"/>
      </object_component>
      <object_component id="oc-2be">
         <name>.debug_info</name>
         <load_address>0x8b81</load_address>
         <run_address>0x8b81</run_address>
         <size>0xdc</size>
         <input_file_ref idref="fl-6"/>
      </object_component>
      <object_component id="oc-2c1">
         <name>.debug_info</name>
         <load_address>0x8c5d</load_address>
         <run_address>0x8c5d</run_address>
         <size>0xe8</size>
         <input_file_ref idref="fl-6"/>
      </object_component>
      <object_component id="oc-2c4">
         <name>.debug_info</name>
         <load_address>0x8d45</load_address>
         <run_address>0x8d45</run_address>
         <size>0xe8</size>
         <input_file_ref idref="fl-6"/>
      </object_component>
      <object_component id="oc-2bb">
         <name>.debug_info</name>
         <load_address>0x8e2d</load_address>
         <run_address>0x8e2d</run_address>
         <size>0xd1</size>
         <input_file_ref idref="fl-6"/>
      </object_component>
      <object_component id="oc-1e2">
         <name>.debug_info</name>
         <load_address>0x8efe</load_address>
         <run_address>0x8efe</run_address>
         <size>0x212</size>
         <input_file_ref idref="fl-6"/>
      </object_component>
      <object_component id="oc-33e">
         <name>.debug_info</name>
         <load_address>0x9110</load_address>
         <run_address>0x9110</run_address>
         <size>0x136</size>
         <input_file_ref idref="fl-6"/>
      </object_component>
      <object_component id="oc-344">
         <name>.debug_info</name>
         <load_address>0x9246</load_address>
         <run_address>0x9246</run_address>
         <size>0x136</size>
         <input_file_ref idref="fl-6"/>
      </object_component>
      <object_component id="oc-24f">
         <name>.debug_info</name>
         <load_address>0x937c</load_address>
         <run_address>0x937c</run_address>
         <size>0x188</size>
         <input_file_ref idref="fl-6"/>
      </object_component>
      <object_component id="oc-10b">
         <name>.debug_info</name>
         <load_address>0x9504</load_address>
         <run_address>0x9504</run_address>
         <size>0x124</size>
         <input_file_ref idref="fl-6"/>
      </object_component>
      <object_component id="oc-111">
         <name>.debug_info</name>
         <load_address>0x9628</load_address>
         <run_address>0x9628</run_address>
         <size>0x121</size>
         <input_file_ref idref="fl-6"/>
      </object_component>
      <object_component id="oc-1e8">
         <name>.debug_info</name>
         <load_address>0x9749</load_address>
         <run_address>0x9749</run_address>
         <size>0x151</size>
         <input_file_ref idref="fl-6"/>
      </object_component>
      <object_component id="oc-32f">
         <name>.debug_info</name>
         <load_address>0x989a</load_address>
         <run_address>0x989a</run_address>
         <size>0x156</size>
         <input_file_ref idref="fl-6"/>
      </object_component>
      <object_component id="oc-23d">
         <name>.debug_info</name>
         <load_address>0x99f0</load_address>
         <run_address>0x99f0</run_address>
         <size>0x189</size>
         <input_file_ref idref="fl-6"/>
      </object_component>
      <object_component id="oc-1ee">
         <name>.debug_info</name>
         <load_address>0x9b79</load_address>
         <run_address>0x9b79</run_address>
         <size>0x154</size>
         <input_file_ref idref="fl-6"/>
      </object_component>
      <object_component id="oc-336">
         <name>.debug_info</name>
         <load_address>0x9ccd</load_address>
         <run_address>0x9ccd</run_address>
         <size>0x156</size>
         <input_file_ref idref="fl-6"/>
      </object_component>
      <object_component id="oc-243">
         <name>.debug_info</name>
         <load_address>0x9e23</load_address>
         <run_address>0x9e23</run_address>
         <size>0x189</size>
         <input_file_ref idref="fl-6"/>
      </object_component>
      <object_component id="oc-201">
         <name>.debug_info</name>
         <load_address>0x9fac</load_address>
         <run_address>0x9fac</run_address>
         <size>0x120</size>
         <input_file_ref idref="fl-6"/>
      </object_component>
      <object_component id="oc-207">
         <name>.debug_info</name>
         <load_address>0xa0cc</load_address>
         <run_address>0xa0cc</run_address>
         <size>0x120</size>
         <input_file_ref idref="fl-6"/>
      </object_component>
      <object_component id="oc-90">
         <name>.debug_info</name>
         <load_address>0xa1ec</load_address>
         <run_address>0xa1ec</run_address>
         <size>0x137</size>
         <input_file_ref idref="fl-6"/>
      </object_component>
      <object_component id="oc-96">
         <name>.debug_info</name>
         <load_address>0xa323</load_address>
         <run_address>0xa323</run_address>
         <size>0x137</size>
         <input_file_ref idref="fl-6"/>
      </object_component>
      <object_component id="oc-8a">
         <name>.debug_info</name>
         <load_address>0xa45a</load_address>
         <run_address>0xa45a</run_address>
         <size>0x149</size>
         <input_file_ref idref="fl-6"/>
      </object_component>
      <object_component id="oc-84">
         <name>.debug_info</name>
         <load_address>0xa5a3</load_address>
         <run_address>0xa5a3</run_address>
         <size>0x13d</size>
         <input_file_ref idref="fl-6"/>
      </object_component>
      <object_component id="oc-1c4">
         <name>.debug_info</name>
         <load_address>0xa6e0</load_address>
         <run_address>0xa6e0</run_address>
         <size>0x37e2</size>
         <input_file_ref idref="fl-6"/>
      </object_component>
      <object_component id="oc-1ba">
         <name>.debug_info</name>
         <load_address>0xdec2</load_address>
         <run_address>0xdec2</run_address>
         <size>0x628</size>
         <input_file_ref idref="fl-7"/>
      </object_component>
      <object_component id="oc-2e3">
         <name>.debug_info</name>
         <load_address>0xe4ea</load_address>
         <run_address>0xe4ea</run_address>
         <size>0xd5</size>
         <input_file_ref idref="fl-7"/>
      </object_component>
      <object_component id="oc-11d">
         <name>.debug_info</name>
         <load_address>0xe5bf</load_address>
         <run_address>0xe5bf</run_address>
         <size>0xd2</size>
         <input_file_ref idref="fl-7"/>
      </object_component>
      <object_component id="oc-11a">
         <name>.debug_info</name>
         <load_address>0xe691</load_address>
         <run_address>0xe691</run_address>
         <size>0xfc</size>
         <input_file_ref idref="fl-7"/>
      </object_component>
      <object_component id="oc-2e9">
         <name>.debug_info</name>
         <load_address>0xe78d</load_address>
         <run_address>0xe78d</run_address>
         <size>0xfa</size>
         <input_file_ref idref="fl-7"/>
      </object_component>
      <object_component id="oc-2e6">
         <name>.debug_info</name>
         <load_address>0xe887</load_address>
         <run_address>0xe887</run_address>
         <size>0xd9</size>
         <input_file_ref idref="fl-7"/>
      </object_component>
      <object_component id="oc-2ec">
         <name>.debug_info</name>
         <load_address>0xe960</load_address>
         <run_address>0xe960</run_address>
         <size>0xd9</size>
         <input_file_ref idref="fl-7"/>
      </object_component>
      <object_component id="oc-2ca">
         <name>.debug_info</name>
         <load_address>0xea39</load_address>
         <run_address>0xea39</run_address>
         <size>0xd9</size>
         <input_file_ref idref="fl-7"/>
      </object_component>
      <object_component id="oc-1f3">
         <name>.debug_info</name>
         <load_address>0xeb12</load_address>
         <run_address>0xeb12</run_address>
         <size>0x13b</size>
         <input_file_ref idref="fl-7"/>
      </object_component>
      <object_component id="oc-1f9">
         <name>.debug_info</name>
         <load_address>0xec4d</load_address>
         <run_address>0xec4d</run_address>
         <size>0x154</size>
         <input_file_ref idref="fl-7"/>
      </object_component>
      <object_component id="oc-212">
         <name>.debug_info</name>
         <load_address>0xeda1</load_address>
         <run_address>0xeda1</run_address>
         <size>0x20c</size>
         <input_file_ref idref="fl-7"/>
      </object_component>
      <object_component id="oc-7d">
         <name>.debug_info</name>
         <load_address>0xefad</load_address>
         <run_address>0xefad</run_address>
         <size>0x173</size>
         <input_file_ref idref="fl-7"/>
      </object_component>
      <object_component id="oc-d4">
         <name>.debug_info</name>
         <load_address>0xf120</load_address>
         <run_address>0xf120</run_address>
         <size>0x12e</size>
         <input_file_ref idref="fl-9"/>
      </object_component>
      <object_component id="oc-199">
         <name>.debug_info</name>
         <load_address>0xf24e</load_address>
         <run_address>0xf24e</run_address>
         <size>0x760</size>
         <input_file_ref idref="fl-a"/>
      </object_component>
      <object_component id="oc-116">
         <name>.debug_info</name>
         <load_address>0xf9ae</load_address>
         <run_address>0xf9ae</run_address>
         <size>0xfc</size>
         <input_file_ref idref="fl-a"/>
      </object_component>
      <object_component id="oc-2b0">
         <name>.debug_info</name>
         <load_address>0xfaaa</load_address>
         <run_address>0xfaaa</run_address>
         <size>0xd7</size>
         <input_file_ref idref="fl-a"/>
      </object_component>
      <object_component id="oc-2df">
         <name>.debug_info</name>
         <load_address>0xfb81</load_address>
         <run_address>0xfb81</run_address>
         <size>0xd0</size>
         <input_file_ref idref="fl-a"/>
      </object_component>
      <object_component id="oc-1d8">
         <name>.debug_info</name>
         <load_address>0xfc51</load_address>
         <run_address>0xfc51</run_address>
         <size>0x1ac</size>
         <input_file_ref idref="fl-a"/>
      </object_component>
      <object_component id="oc-1de">
         <name>.debug_info</name>
         <load_address>0xfdfd</load_address>
         <run_address>0xfdfd</run_address>
         <size>0x186</size>
         <input_file_ref idref="fl-a"/>
      </object_component>
      <object_component id="oc-ef">
         <name>.debug_info</name>
         <load_address>0xff83</load_address>
         <run_address>0xff83</run_address>
         <size>0x127</size>
         <input_file_ref idref="fl-a"/>
      </object_component>
      <object_component id="oc-de">
         <name>.debug_info</name>
         <load_address>0x100aa</load_address>
         <run_address>0x100aa</run_address>
         <size>0x127</size>
         <input_file_ref idref="fl-a"/>
      </object_component>
      <object_component id="oc-74">
         <name>.debug_info</name>
         <load_address>0x101d1</load_address>
         <run_address>0x101d1</run_address>
         <size>0x181</size>
         <input_file_ref idref="fl-a"/>
      </object_component>
      <object_component id="oc-7a">
         <name>.debug_info</name>
         <load_address>0x10352</load_address>
         <run_address>0x10352</run_address>
         <size>0x211</size>
         <input_file_ref idref="fl-a"/>
      </object_component>
      <object_component id="oc-24b">
         <name>.debug_info</name>
         <load_address>0x10563</load_address>
         <run_address>0x10563</run_address>
         <size>0x10b</size>
         <input_file_ref idref="fl-a"/>
      </object_component>
      <object_component id="oc-20c">
         <name>.debug_info</name>
         <load_address>0x1066e</load_address>
         <run_address>0x1066e</run_address>
         <size>0x1d3</size>
         <input_file_ref idref="fl-a"/>
      </object_component>
      <object_component id="oc-9c">
         <name>.debug_info</name>
         <load_address>0x10841</load_address>
         <run_address>0x10841</run_address>
         <size>0x2ce</size>
         <input_file_ref idref="fl-b"/>
      </object_component>
      <object_component id="oc-24">
         <name>.debug_info</name>
         <load_address>0x10b0f</load_address>
         <run_address>0x10b0f</run_address>
         <size>0xfa</size>
         <input_file_ref idref="fl-b"/>
      </object_component>
      <object_component id="oc-67">
         <name>.debug_info</name>
         <load_address>0x10c09</load_address>
         <run_address>0x10c09</run_address>
         <size>0x15d</size>
         <input_file_ref idref="fl-b"/>
      </object_component>
      <object_component id="oc-6d">
         <name>.debug_info</name>
         <load_address>0x10d66</load_address>
         <run_address>0x10d66</run_address>
         <size>0x145</size>
         <input_file_ref idref="fl-b"/>
      </object_component>
      <object_component id="oc-3c7">
         <name>.debug_info</name>
         <load_address>0x10eab</load_address>
         <run_address>0x10eab</run_address>
         <size>0x803</size>
         <input_file_ref idref="fl-13"/>
      </object_component>
      <object_component id="oc-2ab">
         <name>.debug_info</name>
         <load_address>0x116ae</load_address>
         <run_address>0x116ae</run_address>
         <size>0x1e1</size>
         <input_file_ref idref="fl-13"/>
      </object_component>
      <object_component id="oc-375">
         <name>.debug_info</name>
         <load_address>0x1188f</load_address>
         <run_address>0x1188f</run_address>
         <size>0x431a</size>
         <input_file_ref idref="fl-13"/>
      </object_component>
      <object_component id="oc-3cf">
         <name>.debug_info</name>
         <load_address>0x15ba9</load_address>
         <run_address>0x15ba9</run_address>
         <size>0x1b5</size>
         <input_file_ref idref="fl-13"/>
      </object_component>
      <object_component id="oc-29a">
         <name>.debug_info</name>
         <load_address>0x15d5e</load_address>
         <run_address>0x15d5e</run_address>
         <size>0x6fd</size>
         <input_file_ref idref="fl-14"/>
      </object_component>
      <object_component id="oc-1bf">
         <name>.debug_info</name>
         <load_address>0x1645b</load_address>
         <run_address>0x1645b</run_address>
         <size>0x131</size>
         <input_file_ref idref="fl-14"/>
      </object_component>
      <object_component id="oc-2a1">
         <name>.debug_info</name>
         <load_address>0x1658c</load_address>
         <run_address>0x1658c</run_address>
         <size>0x24e</size>
         <input_file_ref idref="fl-14"/>
      </object_component>
      <object_component id="oc-2b8">
         <name>.debug_info</name>
         <load_address>0x167da</load_address>
         <run_address>0x167da</run_address>
         <size>0x24c</size>
         <input_file_ref idref="fl-14"/>
      </object_component>
      <object_component id="oc-2a7">
         <name>.debug_info</name>
         <load_address>0x16a26</load_address>
         <run_address>0x16a26</run_address>
         <size>0x29f</size>
         <input_file_ref idref="fl-14"/>
      </object_component>
      <object_component id="oc-1ac">
         <name>.debug_info</name>
         <load_address>0x16cc5</load_address>
         <run_address>0x16cc5</run_address>
         <size>0x256</size>
         <input_file_ref idref="fl-14"/>
      </object_component>
      <object_component id="oc-1b3">
         <name>.debug_info</name>
         <load_address>0x16f1b</load_address>
         <run_address>0x16f1b</run_address>
         <size>0x254</size>
         <input_file_ref idref="fl-14"/>
      </object_component>
      <object_component id="oc-129">
         <name>.debug_info</name>
         <load_address>0x1716f</load_address>
         <run_address>0x1716f</run_address>
         <size>0x254</size>
         <input_file_ref idref="fl-14"/>
      </object_component>
      <object_component id="oc-2d1">
         <name>.debug_info</name>
         <load_address>0x173c3</load_address>
         <run_address>0x173c3</run_address>
         <size>0x24e</size>
         <input_file_ref idref="fl-15"/>
      </object_component>
      <object_component id="oc-2f6">
         <name>.debug_info</name>
         <load_address>0x17611</load_address>
         <run_address>0x17611</run_address>
         <size>0x2a6</size>
         <input_file_ref idref="fl-ce"/>
      </object_component>
      <object_component id="oc-218">
         <name>.debug_info</name>
         <load_address>0x178b7</load_address>
         <run_address>0x178b7</run_address>
         <size>0x1df</size>
         <input_file_ref idref="fl-ce"/>
      </object_component>
      <object_component id="oc-3a3">
         <name>.debug_info</name>
         <load_address>0x17a96</load_address>
         <run_address>0x17a96</run_address>
         <size>0x39</size>
         <input_file_ref idref="fl-ce"/>
      </object_component>
      <object_component id="oc-2f7">
         <name>.debug_info</name>
         <load_address>0x17acf</load_address>
         <run_address>0x17acf</run_address>
         <size>0x2c</size>
         <input_file_ref idref="fl-ce"/>
      </object_component>
      <object_component id="oc-3cb">
         <name>.debug_info</name>
         <load_address>0x17afb</load_address>
         <run_address>0x17afb</run_address>
         <size>0x2ed</size>
         <input_file_ref idref="fl-cf"/>
      </object_component>
      <object_component id="oc-39e">
         <name>.debug_info</name>
         <load_address>0x17de8</load_address>
         <run_address>0x17de8</run_address>
         <size>0x127</size>
         <input_file_ref idref="fl-cf"/>
      </object_component>
      <object_component id="oc-2f0">
         <name>.debug_info</name>
         <load_address>0x17f0f</load_address>
         <run_address>0x17f0f</run_address>
         <size>0x1a2</size>
         <input_file_ref idref="fl-cf"/>
      </object_component>
      <object_component id="oc-2db">
         <name>.debug_info</name>
         <load_address>0x180b1</load_address>
         <run_address>0x180b1</run_address>
         <size>0x13a</size>
         <input_file_ref idref="fl-d0"/>
      </object_component>
      <object_component id="oc-326">
         <name>.debug_info</name>
         <load_address>0x181eb</load_address>
         <run_address>0x181eb</run_address>
         <size>0x144</size>
         <input_file_ref idref="fl-d1"/>
      </object_component>
      <object_component id="oc-31d">
         <name>.debug_info</name>
         <load_address>0x1832f</load_address>
         <run_address>0x1832f</run_address>
         <size>0x132</size>
         <input_file_ref idref="fl-d2"/>
      </object_component>
      <object_component id="oc-323">
         <name>.debug_info</name>
         <load_address>0x18461</load_address>
         <run_address>0x18461</run_address>
         <size>0x136</size>
         <input_file_ref idref="fl-d3"/>
      </object_component>
      <object_component id="oc-317">
         <name>.debug_info</name>
         <load_address>0x18597</load_address>
         <run_address>0x18597</run_address>
         <size>0x124</size>
         <input_file_ref idref="fl-d4"/>
      </object_component>
      <object_component id="oc-37">
         <name>.debug_info</name>
         <load_address>0x186bb</load_address>
         <run_address>0x186bb</run_address>
         <size>0x111</size>
         <input_file_ref idref="fl-d5"/>
      </object_component>
      <object_component id="oc-b5">
         <name>.debug_info</name>
         <load_address>0x187cc</load_address>
         <run_address>0x187cc</run_address>
         <size>0x13f</size>
         <input_file_ref idref="fl-d6"/>
      </object_component>
      <object_component id="oc-b3">
         <name>.debug_info</name>
         <load_address>0x1890b</load_address>
         <run_address>0x1890b</run_address>
         <size>0x313</size>
         <input_file_ref idref="fl-d7"/>
      </object_component>
      <object_component id="oc-42">
         <name>.debug_info</name>
         <load_address>0x18c1e</load_address>
         <run_address>0x18c1e</run_address>
         <size>0x1b4</size>
         <input_file_ref idref="fl-d7"/>
      </object_component>
      <object_component id="oc-ae">
         <name>.debug_info</name>
         <load_address>0x18dd2</load_address>
         <run_address>0x18dd2</run_address>
         <size>0x46</size>
         <input_file_ref idref="fl-d7"/>
      </object_component>
      <object_component id="oc-3f">
         <name>.debug_info</name>
         <load_address>0x18e18</load_address>
         <run_address>0x18e18</run_address>
         <size>0x29d</size>
         <input_file_ref idref="fl-d8"/>
      </object_component>
      <object_component id="oc-1b">
         <name>.debug_info</name>
         <load_address>0x190b5</load_address>
         <run_address>0x190b5</run_address>
         <size>0x1df</size>
         <input_file_ref idref="fl-d8"/>
      </object_component>
      <object_component id="oc-3a">
         <name>.debug_info</name>
         <load_address>0x19294</load_address>
         <run_address>0x19294</run_address>
         <size>0x46</size>
         <input_file_ref idref="fl-d8"/>
      </object_component>
      <object_component id="oc-a6">
         <name>.debug_info</name>
         <load_address>0x192da</load_address>
         <run_address>0x192da</run_address>
         <size>0x2c</size>
         <input_file_ref idref="fl-d8"/>
      </object_component>
      <object_component id="oc-a4">
         <name>.debug_info</name>
         <load_address>0x19306</load_address>
         <run_address>0x19306</run_address>
         <size>0x293</size>
         <input_file_ref idref="fl-d9"/>
      </object_component>
      <object_component id="oc-17">
         <name>.debug_info</name>
         <load_address>0x19599</load_address>
         <run_address>0x19599</run_address>
         <size>0x245</size>
         <input_file_ref idref="fl-d9"/>
      </object_component>
      <object_component id="oc-2a">
         <name>.debug_info</name>
         <load_address>0x197de</load_address>
         <run_address>0x197de</run_address>
         <size>0x60</size>
         <input_file_ref idref="fl-d9"/>
      </object_component>
      <object_component id="oc-13c">
         <name>.debug_info</name>
         <load_address>0x1983e</load_address>
         <run_address>0x1983e</run_address>
         <size>0x46</size>
         <input_file_ref idref="fl-d9"/>
      </object_component>
      <object_component id="oc-9f">
         <name>.debug_info</name>
         <load_address>0x19884</load_address>
         <run_address>0x19884</run_address>
         <size>0x39</size>
         <input_file_ref idref="fl-d9"/>
      </object_component>
      <object_component id="oc-27">
         <name>.debug_info</name>
         <load_address>0x198bd</load_address>
         <run_address>0x198bd</run_address>
         <size>0x100</size>
         <input_file_ref idref="fl-da"/>
      </object_component>
      <object_component id="oc-53">
         <name>.debug_info</name>
         <load_address>0x199bd</load_address>
         <run_address>0x199bd</run_address>
         <size>0x1a4</size>
         <input_file_ref idref="fl-da"/>
      </object_component>
      <object_component id="oc-15b">
         <name>.debug_info</name>
         <load_address>0x19b61</load_address>
         <run_address>0x19b61</run_address>
         <size>0x117</size>
         <input_file_ref idref="fl-db"/>
      </object_component>
      <object_component id="oc-38e">
         <name>.debug_info</name>
         <load_address>0x19c78</load_address>
         <run_address>0x19c78</run_address>
         <size>0x10d</size>
         <input_file_ref idref="fl-de"/>
      </object_component>
      <object_component id="oc-267">
         <name>.debug_info</name>
         <load_address>0x19d85</load_address>
         <run_address>0x19d85</run_address>
         <size>0x547</size>
         <input_file_ref idref="fl-df"/>
      </object_component>
      <object_component id="oc-166">
         <name>.debug_info</name>
         <load_address>0x1a2cc</load_address>
         <run_address>0x1a2cc</run_address>
         <size>0x19b</size>
         <input_file_ref idref="fl-df"/>
      </object_component>
      <object_component id="oc-362">
         <name>.debug_info</name>
         <load_address>0x1a467</load_address>
         <run_address>0x1a467</run_address>
         <size>0x39</size>
         <input_file_ref idref="fl-df"/>
      </object_component>
      <object_component id="oc-3bb">
         <name>.debug_info</name>
         <load_address>0x1a4a0</load_address>
         <run_address>0x1a4a0</run_address>
         <size>0x39</size>
         <input_file_ref idref="fl-df"/>
      </object_component>
      <object_component id="oc-367">
         <name>.debug_info</name>
         <load_address>0x1a4d9</load_address>
         <run_address>0x1a4d9</run_address>
         <size>0x39</size>
         <input_file_ref idref="fl-df"/>
      </object_component>
      <object_component id="oc-36c">
         <name>.debug_info</name>
         <load_address>0x1a512</load_address>
         <run_address>0x1a512</run_address>
         <size>0xcd</size>
         <input_file_ref idref="fl-df"/>
      </object_component>
      <object_component id="oc-bb">
         <name>.debug_info</name>
         <load_address>0x1a5df</load_address>
         <run_address>0x1a5df</run_address>
         <size>0x148</size>
         <input_file_ref idref="fl-e0"/>
      </object_component>
      <object_component id="oc-408">
         <name>.debug_info</name>
         <load_address>0x1a727</load_address>
         <run_address>0x1a727</run_address>
         <size>0xa5</size>
      </object_component>
      <object_component id="oc-29c">
         <name>.debug_line</name>
         <load_address>0x0</load_address>
         <run_address>0x0</run_address>
         <size>0x2d</size>
         <input_file_ref idref="fl-2"/>
      </object_component>
      <object_component id="oc-284">
         <name>.debug_line</name>
         <load_address>0x2d</load_address>
         <run_address>0x2d</run_address>
         <size>0x2c</size>
         <input_file_ref idref="fl-2"/>
      </object_component>
      <object_component id="oc-f2">
         <name>.debug_line</name>
         <load_address>0x59</load_address>
         <run_address>0x59</run_address>
         <size>0x44</size>
         <input_file_ref idref="fl-2"/>
      </object_component>
      <object_component id="oc-fb">
         <name>.debug_line</name>
         <load_address>0x9d</load_address>
         <run_address>0x9d</run_address>
         <size>0x44</size>
         <input_file_ref idref="fl-2"/>
      </object_component>
      <object_component id="oc-101">
         <name>.debug_line</name>
         <load_address>0xe1</load_address>
         <run_address>0xe1</run_address>
         <size>0x44</size>
         <input_file_ref idref="fl-2"/>
      </object_component>
      <object_component id="oc-107">
         <name>.debug_line</name>
         <load_address>0x125</load_address>
         <run_address>0x125</run_address>
         <size>0x44</size>
         <input_file_ref idref="fl-2"/>
      </object_component>
      <object_component id="oc-22d">
         <name>.debug_line</name>
         <load_address>0x169</load_address>
         <run_address>0x169</run_address>
         <size>0x46</size>
         <input_file_ref idref="fl-2"/>
      </object_component>
      <object_component id="oc-233">
         <name>.debug_line</name>
         <load_address>0x1af</load_address>
         <run_address>0x1af</run_address>
         <size>0x55</size>
         <input_file_ref idref="fl-2"/>
      </object_component>
      <object_component id="oc-239">
         <name>.debug_line</name>
         <load_address>0x204</load_address>
         <run_address>0x204</run_address>
         <size>0x46</size>
         <input_file_ref idref="fl-2"/>
      </object_component>
      <object_component id="oc-13a">
         <name>.debug_line</name>
         <load_address>0x24a</load_address>
         <run_address>0x24a</run_address>
         <size>0x69</size>
         <input_file_ref idref="fl-2"/>
      </object_component>
      <object_component id="oc-1cc">
         <name>.debug_line</name>
         <load_address>0x2b3</load_address>
         <run_address>0x2b3</run_address>
         <size>0x78</size>
         <input_file_ref idref="fl-2"/>
      </object_component>
      <object_component id="oc-291">
         <name>.debug_line</name>
         <load_address>0x32b</load_address>
         <run_address>0x32b</run_address>
         <size>0x7b</size>
         <input_file_ref idref="fl-2"/>
      </object_component>
      <object_component id="oc-28c">
         <name>.debug_line</name>
         <load_address>0x3a6</load_address>
         <run_address>0x3a6</run_address>
         <size>0x79</size>
         <input_file_ref idref="fl-2"/>
      </object_component>
      <object_component id="oc-1d1">
         <name>.debug_line</name>
         <load_address>0x41f</load_address>
         <run_address>0x41f</run_address>
         <size>0x7d</size>
         <input_file_ref idref="fl-2"/>
      </object_component>
[...]
         <value>0x1e8d</value>
         <object_component_ref idref="oc-1e6"/>
      </symbol>
      <symbol id="sm-29e">
         <name>start_motor</name>
         <value>0x1f3b</value>
         <object_component_ref idref="oc-109"/>
      </symbol>
      <symbol id="sm-29f">
         <name>set_motor_1_direction</name>
         <value>0x1e1d</value>
         <object_component_ref idref="oc-23b"/>
      </symbol>
      <symbol id="sm-2a0">
         <name>set_motor_2_direction</name>
         <value>0x1e35</value>
         <object_component_ref idref="oc-241"/>
      </symbol>
      <symbol id="sm-2a1">
         <name>set_motor_2_backward</name>
         <value>0x1ea1</value>
         <object_component_ref idref="oc-334"/>
      </symbol>
      <symbol id="sm-2a2">
         <name>PORT1_IRQHandler</name>
         <value>0x1db5</value>
         <object_component_ref idref="oc-88"/>
      </symbol>
      <symbol id="sm-2a3">
         <name>get_motor_1_speed</name>
         <value>0x1b31</value>
         <object_component_ref idref="oc-1ff"/>
      </symbol>
      <symbol id="sm-2a4">
         <name>setup_pwm</name>
         <value>0x885</value>
         <object_component_ref idref="oc-1e0"/>
      </symbol>
      <symbol id="sm-2a5">
         <name>motor_2_direction</name>
         <value>0x20000111</value>
         <object_component_ref idref="oc-2d4"/>
      </symbol>
      <symbol id="sm-2a6">
         <name>compareConfig_PWM2</name>
         <value>0x200000f4</value>
         <object_component_ref idref="oc-2c3"/>
      </symbol>
      <symbol id="sm-2a7">
         <name>compareConfig_PWM1</name>
         <value>0x200000e4</value>
         <object_component_ref idref="oc-2c0"/>
      </symbol>
      <symbol id="sm-2a8">
         <name>motor_1_direction</name>
         <value>0x20000110</value>
         <object_component_ref idref="oc-2d4"/>
      </symbol>
      <symbol id="sm-2a9">
         <name>set_pwm_duty</name>
         <value>0x1ec9</value>
         <object_component_ref idref="oc-24d"/>
      </symbol>
      <symbol id="sm-2aa">
         <name>set_pwm_2_duty</name>
         <value>0x1ce1</value>
         <object_component_ref idref="oc-342"/>
      </symbol>
      <symbol id="sm-2ab">
         <name>set_pwm_1_duty</name>
         <value>0x1cb1</value>
         <object_component_ref idref="oc-33c"/>
      </symbol>
      <symbol id="sm-2ac">
         <name>set_motor_2_forward</name>
         <value>0x1eb5</value>
         <object_component_ref idref="oc-1ec"/>
      </symbol>
      <symbol id="sm-2ad">
         <name>get_motor_2_speed</name>
         <value>0x1b6d</value>
         <object_component_ref idref="oc-205"/>
      </symbol>
      <symbol id="sm-2ae">
         <name>upDownConfig</name>
         <value>0x1fe4</value>
         <object_component_ref idref="oc-2bd"/>
      </symbol>
      <symbol id="sm-2af">
         <name>PORT5_IRQHandler</name>
         <value>0x1c4d</value>
         <object_component_ref idref="oc-8e"/>
      </symbol>
      <symbol id="sm-2b0">
         <name>stop_motor</name>
         <value>0x1f47</value>
         <object_component_ref idref="oc-10f"/>
      </symbol>
      <symbol id="sm-2b1">
         <name>PORT6_IRQHandler</name>
         <value>0x1c81</value>
         <object_component_ref idref="oc-94"/>
      </symbol>
      <symbol id="sm-2b2">
         <name>T32_INT1_IRQHandler</name>
         <value>0x190d</value>
         <object_component_ref idref="oc-82"/>
      </symbol>
      <symbol id="sm-33b">
         <name>ACC_RATIO</name>
         <value>0x2024</value>
         <object_component_ref idref="oc-2e5"/>
      </symbol>
      <symbol id="sm-33c">
         <name>EUSCIB0_IRQHandler</name>
         <value>0x127d</value>
         <object_component_ref idref="oc-7c"/>
      </symbol>
      <symbol id="sm-33d">
         <name>GYR_RATIO</name>
         <value>0x2034</value>
         <object_component_ref idref="oc-2eb"/>
      </symbol>
      <symbol id="sm-33e">
         <name>setup_i2c</name>
         <value>0x1609</value>
         <object_component_ref idref="oc-1f2"/>
      </symbol>
      <symbol id="sm-33f">
         <name>request_mpu_data</name>
         <value>0x665</value>
         <object_component_ref idref="oc-211"/>
      </symbol>
      <symbol id="sm-340">
         <name>i2cConfig</name>
         <value>0x1ffc</value>
         <object_component_ref idref="oc-2c9"/>
      </symbol>
      <symbol id="sm-341">
         <name>setup_mpu_6050</name>
         <value>0x1959</value>
         <object_component_ref idref="oc-1f8"/>
      </symbol>
      <symbol id="sm-342">
         <name>RegData</name>
         <value>0x204c</value>
         <object_component_ref idref="oc-2e2"/>
      </symbol>
      <symbol id="sm-356">
         <name>SystemInit</name>
         <value>0x1591</value>
         <object_component_ref idref="oc-d2"/>
      </symbol>
      <symbol id="sm-3e0">
         <name>uartConfig</name>
         <value>0x1fc0</value>
         <object_component_ref idref="oc-2af"/>
      </symbol>
      <symbol id="sm-3e1">
         <name>send_string_pc</name>
         <value>0x1871</value>
         <object_component_ref idref="oc-1da"/>
      </symbol>
      <symbol id="sm-3e2">
         <name>send_char_pc</name>
         <value>0x1dfd</value>
         <object_component_ref idref="oc-eb"/>
      </symbol>
      <symbol id="sm-3e3">
         <name>control</name>
         <value>0x2000010c</value>
         <object_component_ref idref="oc-115"/>
      </symbol>
      <symbol id="sm-3e4">
         <name>EUSCIA2_IRQHandler</name>
         <value>0x11a9</value>
         <object_component_ref idref="oc-76"/>
      </symbol>
      <symbol id="sm-3e5">
         <name>send_char_bt</name>
         <value>0x1ddd</value>
         <object_component_ref idref="oc-da"/>
      </symbol>
      <symbol id="sm-3e6">
         <name>EUSCIA0_IRQHandler</name>
         <value>0x19a5</value>
         <object_component_ref idref="oc-70"/>
      </symbol>
      <symbol id="sm-3e7">
         <name>setup_uart</name>
         <value>0x1341</value>
         <object_component_ref idref="oc-1d4"/>
      </symbol>
      <symbol id="sm-3e8">
         <name>RXData_length</name>
         <value>0x2000010e</value>
         <object_component_ref idref="oc-115"/>
      </symbol>
      <symbol id="sm-3e9">
         <name>itoa</name>
         <value>0x10d1</value>
         <object_component_ref idref="oc-20b"/>
      </symbol>
      <symbol id="sm-3ea">
         <name>control_motor</name>
         <value>0x1e65</value>
         <object_component_ref idref="oc-247"/>
      </symbol>
      <symbol id="sm-406">
         <name>Reset_Handler</name>
         <value>0x1f2f</value>
         <object_component_ref idref="oc-64"/>
      </symbol>
      <symbol id="sm-407">
         <name>Default_Handler</name>
         <value>0xbff</value>
         <object_component_ref idref="oc-6a"/>
      </symbol>
      <symbol id="sm-408">
         <name>interruptVectors</name>
         <value>0x0</value>
         <object_component_ref idref="oc-23"/>
      </symbol>
      <symbol id="sm-423">
         <name>CS_setDCOCenteredFrequency</name>
         <value>0x1c19</value>
         <object_component_ref idref="oc-2a9"/>
      </symbol>
      <symbol id="sm-470">
         <name>GPIO_setAsInputPin</name>
         <value>0x18c1</value>
         <object_component_ref idref="oc-2b4"/>
      </symbol>
      <symbol id="sm-471">
         <name>GPIO_setOutputHighOnPin</name>
         <value>0x1d3d</value>
         <object_component_ref idref="oc-1a8"/>
      </symbol>
      <symbol id="sm-472">
         <name>GPIO_setAsOutputPin</name>
         <value>0x1a31</value>
         <object_component_ref idref="oc-29d"/>
      </symbol>
      <symbol id="sm-473">
         <name>GPIO_setOutputLowOnPin</name>
         <value>0x1d65</value>
         <object_component_ref idref="oc-1af"/>
      </symbol>
      <symbol id="sm-474">
         <name>GPIO_toggleOutputOnPin</name>
         <value>0x1d8d</value>
         <object_component_ref idref="oc-125"/>
      </symbol>
      <symbol id="sm-475">
         <name>GPIO_setAsPeripheralModuleFunctionInputPin</name>
         <value>0x148d</value>
         <object_component_ref idref="oc-2a3"/>
      </symbol>
      <symbol id="sm-484">
         <name>I2C_masterSendMultiByteStart</name>
         <value>0x16ed</value>
         <object_component_ref idref="oc-2cd"/>
      </symbol>
      <symbol id="sm-4c3">
         <name>atan2f</name>
         <value>0xc01</value>
         <object_component_ref idref="oc-217"/>
      </symbol>
      <symbol id="sm-4f0">
         <name>atanf</name>
         <value>0xd59</value>
         <object_component_ref idref="oc-2ef"/>
      </symbol>
      <symbol id="sm-4ff">
         <name>__aeabi_uidivmod</name>
         <value>0x1a71</value>
         <object_component_ref idref="oc-2d9"/>
      </symbol>
      <symbol id="sm-500">
         <name>__aeabi_uidiv</name>
         <value>0x1a71</value>
         <object_component_ref idref="oc-2d9"/>
      </symbol>
      <symbol id="sm-517">
         <name>__aeabi_dsub</name>
         <value>0xa49</value>
         <object_component_ref idref="oc-325"/>
      </symbol>
      <symbol id="sm-518">
         <name>__aeabi_dadd</name>
         <value>0xa53</value>
         <object_component_ref idref="oc-325"/>
      </symbol>
      <symbol id="sm-523">
         <name>__aeabi_dmul</name>
         <value>0xfd5</value>
         <object_component_ref idref="oc-31b"/>
      </symbol>
      <symbol id="sm-52f">
         <name>__aeabi_d2f</name>
         <value>0x167d</value>
         <object_component_ref idref="oc-320"/>
      </symbol>
      <symbol id="sm-53a">
         <name>__aeabi_f2d</name>
         <value>0x1be1</value>
         <object_component_ref idref="oc-316"/>
      </symbol>
      <symbol id="sm-555">
         <name>memcpy</name>
         <value>0x13f1</value>
         <object_component_ref idref="oc-34"/>
      </symbol>
      <symbol id="sm-556">
         <name>__aeabi_memcpy</name>
         <value>0x13f1</value>
         <object_component_ref idref="oc-34"/>
      </symbol>
      <symbol id="sm-557">
         <name>__aeabi_memcpy8</name>
         <value>0x13f1</value>
         <object_component_ref idref="oc-34"/>
      </symbol>
      <symbol id="sm-558">
         <name>__aeabi_memcpy4</name>
         <value>0x13f1</value>
         <object_component_ref idref="oc-34"/>
      </symbol>
      <symbol id="sm-567">
         <name>__aeabi_memset</name>
         <value>0x1517</value>
         <object_component_ref idref="oc-b4"/>
      </symbol>
      <symbol id="sm-568">
         <name>memset</name>
         <value>0x151d</value>
         <object_component_ref idref="oc-b4"/>
      </symbol>
      <symbol id="sm-569">
         <name>__aeabi_memset8</name>
         <value>0x1517</value>
         <object_component_ref idref="oc-b4"/>
      </symbol>
      <symbol id="sm-56a">
         <name>__aeabi_memset4</name>
         <value>0x1517</value>
         <object_component_ref idref="oc-b4"/>
      </symbol>
      <symbol id="sm-56b">
         <name>__aeabi_memclr8</name>
         <value>0x1515</value>
         <object_component_ref idref="oc-b4"/>
      </symbol>
      <symbol id="sm-56c">
         <name>__aeabi_memclr4</name>
         <value>0x1515</value>
         <object_component_ref idref="oc-b4"/>
      </symbol>
      <symbol id="sm-56d">
         <name>__aeabi_memclr</name>
         <value>0x1515</value>
         <object_component_ref idref="oc-b4"/>
      </symbol>
      <symbol id="sm-581">
         <name>__TI_zero_init_nomemset</name>
         <value>0x1edd</value>
         <object_component_ref idref="oc-40"/>
      </symbol>
      <symbol id="sm-598">
         <name>__TI_decompress_none</name>
         <value>0x1f21</value>
         <object_component_ref idref="oc-1a"/>
      </symbol>
      <symbol id="sm-5bb">
         <name>__TI_decompress_lzss</name>
         <value>0x1755</value>
         <object_component_ref idref="oc-14"/>
      </symbol>
      <symbol id="sm-5ce">
         <name>__stack</name>
         <value>0x2000fe00</value>
         <object_component_ref idref="oc-26"/>
      </symbol>
      <symbol id="sm-5cf">
         <name>_c_int00_noargs</name>
         <value>0x1ba9</value>
         <object_component_ref idref="oc-52"/>
      </symbol>
      <symbol id="sm-5da">
         <name>C$$EXIT</name>
         <value>0x1f57</value>
         <object_component_ref idref="oc-159"/>
      </symbol>
      <symbol id="sm-5db">
         <name>abort</name>
         <value>0x1f57</value>
         <object_component_ref idref="oc-159"/>
      </symbol>
      <symbol id="sm-5e7">
         <name>__aeabi_idiv0</name>
         <value>0x158f</value>
         <object_component_ref idref="oc-38d"/>
      </symbol>
      <symbol id="sm-5e8">
         <name>__aeabi_ldiv0</name>
         <value>0x158f</value>
         <object_component_ref idref="oc-38d"/>
      </symbol>
      <symbol id="sm-610">
         <name>__TI_auto_init_nobinit_nopinit</name>
         <value>0x19ed</value>
         <object_component_ref idref="oc-165"/>
      </symbol>
      <symbol id="sm-61a">
         <name>_system_pre_init</name>
         <value>0x1f53</value>
         <object_component_ref idref="oc-ba"/>
      </symbol>
      <symbol id="sm-61c">
         <name>__TI_static_base__</name>
         <value>0x0</value>
      </symbol>
      <symbol id="sm-61f">
         <name>__mpu_init</name>
         <value>0x0</value>
      </symbol>
      <symbol id="sm-620">
         <name>_system_post_cinit</name>
         <value>0x0</value>
      </symbol>
      <symbol id="sm-621">
         <name>NMI_Handler</name>
         <value>0xbff</value>
      </symbol>
      <symbol id="sm-622">
         <name>HardFault_Handler</name>
         <value>0xbff</value>
      </symbol>
      <symbol id="sm-623">
         <name>MemManage_Handler</name>
         <value>0xbff</value>
      </symbol>
      <symbol id="sm-624">
         <name>BusFault_Handler</name>
         <value>0xbff</value>
      </symbol>
      <symbol id="sm-625">
         <name>UsageFault_Handler</name>
         <value>0xbff</value>
      </symbol>
      <symbol id="sm-626">
         <name>SVC_Handler</name>
         <value>0xbff</value>
      </symbol>
      <symbol id="sm-627">
         <name>DebugMon_Handler</name>
         <value>0xbff</value>
      </symbol>
      <symbol id="sm-628">
         <name>PendSV_Handler</name>
         <value>0xbff</value>
      </symbol>
      <symbol id="sm-629">
         <name>SysTick_Handler</name>
         <value>0xbff</value>
      </symbol>
      <symbol id="sm-62a">
         <name>PSS_IRQHandler</name>
         <value>0xbff</value>
      </symbol>
      <symbol id="sm-62b">
         <name>CS_IRQHandler</name>
         <value>0xbff</value>
      </symbol>
      <symbol id="sm-62c">
         <name>PCM_IRQHandler</name>
         <value>0xbff</value>
      </symbol>
      <symbol id="sm-62d">
         <name>WDT_A_IRQHandler</name>
         <value>0xbff</value>
      </symbol>
      <symbol id="sm-62e">
         <name>FPU_IRQHandler</name>
         <value>0xbff</value>
      </symbol>
      <symbol id="sm-62f">
         <name>FLCTL_IRQHandler</name>
         <value>0xbff</value>
      </symbol>
      <symbol id="sm-630">
         <name>COMP_E0_IRQHandler</name>
         <value>0xbff</value>
      </symbol>
      <symbol id="sm-631">
         <name>COMP_E1_IRQHandler</name>
         <value>0xbff</value>
      </symbol>
      <symbol id="sm-632">
         <name>TA0_0_IRQHandler</name>
         <value>0xbff</value>
      </symbol>
      <symbol id="sm-633">
         <name>TA0_N_IRQHandler</name>
         <value>0xbff</value>
      </symbol>
      <symbol id="sm-634">
         <name>TA1_0_IRQHandler</name>
         <value>0xbff</value>
      </symbol>
      <symbol id="sm-635">
         <name>TA1_N_IRQHandler</name>
         <value>0xbff</value>
      </symbol>
      <symbol id="sm-636">
         <name>TA2_0_IRQHandler</name>
         <value>0xbff</value>
      </symbol>
      <symbol id="sm-637">
         <name>TA2_N_IRQHandler</name>
         <value>0xbff</value>
      </symbol>
      <symbol id="sm-638">
         <name>TA3_0_IRQHandler</name>
         <value>0xbff</value>
      </symbol>
      <symbol id="sm-639">
         <name>TA3_N_IRQHandler</name>
         <value>0xbff</value>
      </symbol>
      <symbol id="sm-63a">
         <name>EUSCIA0_IRQHandler</name>
         <value>0x19a5</value>
      </symbol>
      <symbol id="sm-63b">
         <name>EUSCIA1_IRQHandler</name>
         <value>0xbff</value>
      </symbol>
      <symbol id="sm-63c">
         <name>EUSCIA2_IRQHandler</name>
         <value>0x11a9</value>
      </symbol>
      <symbol id="sm-63d">
         <name>EUSCIA3_IRQHandler</name>
         <value>0xbff</value>
      </symbol>
      <symbol id="sm-63e">
         <name>EUSCIB0_IRQHandler</name>
         <value>0x127d</value>
      </symbol>
      <symbol id="sm-63f">
         <name>EUSCIB1_IRQHandler</name>
         <value>0xbff</value>
      </symbol>
      <symbol id="sm-640">
         <name>EUSCIB2_IRQHandler</name>
         <value>0xbff</value>
      </symbol>
      <symbol id="sm-641">
         <name>EUSCIB3_IRQHandler</name>
         <value>0xbff</value>
      </symbol>
      <symbol id="sm-642">
         <name>ADC14_IRQHandler</name>
         <value>0xbff</value>
      </symbol>
      <symbol id="sm-643">
         <name>T32_INT1_IRQHandler</name>
         <value>0x190d</value>
      </symbol>
      <symbol id="sm-644">
         <name>T32_INT2_IRQHandler</name>
         <value>0xbff</value>
      </symbol>
      <symbol id="sm-645">
         <name>T32_INTC_IRQHandler</name>
         <value>0xbff</value>
      </symbol>
      <symbol id="sm-646">
         <name>AES256_IRQHandler</name>
         <value>0xbff</value>
      </symbol>
      <symbol id="sm-647">
         <name>RTC_C_IRQHandler</name>
         <value>0xbff</value>
      </symbol>
      <symbol id="sm-648">
         <name>DMA_ERR_IRQHandler</name>
         <value>0xbff</value>
      </symbol>
      <symbol id="sm-649">
         <name>DMA_INT3_IRQHandler</name>
         <value>0xbff</value>
      </symbol>
      <symbol id="sm-64a">
         <name>DMA_INT2_IRQHandler</name>
         <value>0xbff</value>
      </symbol>
      <symbol id="sm-64b">
         <name>DMA_INT1_IRQHandler</name>
         <value>0xbff</value>
      </symbol>
      <symbol id="sm-64c">
         <name>DMA_INT0_IRQHandler</name>
         <value>0xbff</value>
      </symbol>
      <symbol id="sm-64d">
         <name>PORT1_IRQHandler</name>
         <value>0x1db5</value>
      </symbol>
      <symbol id="sm-64e">
         <name>PORT2_IRQHandler</name>
         <value>0xbff</value>
      </symbol>
      <symbol id="sm-64f">
         <name>PORT3_IRQHandler</name>
         <value>0xbff</value>
      </symbol>
      <symbol id="sm-650">
         <name>PORT4_IRQHandler</name>
         <value>0xbff</value>
      </symbol>
      <symbol id="sm-651">
         <name>PORT5_IRQHandler</name>
         <value>0x1c4d</value>
      </symbol>
      <symbol id="sm-652">
         <name>PORT6_IRQHandler</name>
         <value>0x1c81</value>
      </symbol>
   </symbol_table>
   <title>Link successful</title>
</link_info>
